src/App.tsx(1,8): error TS6133: 'React' is declared but its value is never read.
src/App.tsx(6,10): error TS1484: 'ChatMessage' is a type and must be imported using a type-only import when 'verbatimModuleSyntax' is enabled.
src/components/ChatBubble.tsx(6,10): error TS1484: 'MessageRole' is a type and must be imported using a type-only import when 'verbatimModuleSyntax' is enabled.
